Script started on 2026-09-30 13:33:26+00:00 [COMMAND=" echo "=== STEP 1: target file ===" ls -la locked.pdf echo echo "=== STEP 2: hash extracted with pdf2john (JTR jumbo) ===" cat hash.txt echo echo "=== STEP 3: load hash.txt into John the Ripper (wordlist attack) ===" /tmp/john/run/john --pot=./john.pot hash.txt echo echo "=== STEP 4: collect the cracked password ===" /tmp/john/run/john --show --pot=./john.pot hash.txt " <not executed on terminal>]
=== STEP 1: target file ===
-rw-r--r-- 1 user user 2172 Sep 30 13:32 locked.pdf

=== STEP 2: hash extracted with pdf2john (JTR jumbo) ===
locked.pdf:$pdf$4*4*128*-1028*1*16*60c232d469ee146335f6eeb92c2c075a*32*63e6f7c26d86221168a499355944fa9d0021446990b9e4114071a4d9104984c1*32*05c7bc16211fcc9d7fbb3669dc06b2ef528475193001dcf1b70456c595c9d433

=== STEP 3: load hash.txt into John the Ripper (wordlist attack) ===
Using default input encoding: UTF-8
Loaded 1 password hash (PDF, PDF encrypted document [MD5-RC4 / SHA2-AES 32/64])
Cost 1 (revision) is 4 for all loaded hashes
Cost 2 (key length) is 128 for all loaded hashes
Proceeding with single, rules:Single
Press Ctrl-C to abort, or send SIGUSR1 to john process for status
[0;33mWarning: Only 4 candidates buffered for the current salt, minimum 8 needed for performance.
[0mAlmost done: Processing the remaining buffered candidate passwords, if any.
0g 0:00:00:00 DONE 1/3 (2026-09-30 13:33) 0g/s 47276p/s 47276c/s 47276C/s Pdflocked.pdf1900..Plocked1900
Proceeding with wordlist:/tmp/john/run/password.lst
Enabling duplicate candidate password suppressor using 256 MiB
[0;33mmonday1[0m          ([0;33mlocked.pdf[0m[0m)     
1g 0:00:00:00 DONE 2/3 (2026-09-30 13:33) 1.961g/s 39786p/s 39786c/s 39786C/s monday1..baseball5
Use the "--show --format=PDF" options to display all of the cracked passwords reliably
Session completed

=== STEP 4: collect the cracked password ===
locked.pdf:monday1

1 password hash cracked, 0 left

Script done on 2026-09-30 13:33:27+00:00 [COMMAND_EXIT_CODE="0"]
